#-----------------------------------------------------------
# Vivado v2015.4 (64-bit)
# SW Build 1412921 on Wed Nov 18 09:43:45 MST 2015
# IP Build 1412160 on Tue Nov 17 13:47:24 MST 2015
# Start of session at: Mon Feb 22 18:08:16 2016
# Process ID: 10728
# Current directory: D:/Files/Vivado/EE/EE-GITHUB/Extended-Essay/Extended-Essay-master/Extended-Essay-master/Mandelbrot_NOT_CLOCKED
# Command line: vivado.exe -gui_launcher_event rodinguilauncherevent13096 D:\Files\Vivado\EE\EE-GITHUB\Extended-Essay\Extended-Essay-master\Extended-Essay-master\Mandelbrot_NOT_CLOCKED\Mandelbrot_NOT_CLOCKED.xpr
# Log file: D:/Files/Vivado/EE/EE-GITHUB/Extended-Essay/Extended-Essay-master/Extended-Essay-master/Mandelbrot_NOT_CLOCKED/vivado.log
# Journal file: D:/Files/Vivado/EE/EE-GITHUB/Extended-Essay/Extended-Essay-master/Extended-Essay-master/Mandelbrot_NOT_CLOCKED\vivado.jou
#-----------------------------------------------------------
start_gui
open_project D:/Files/Vivado/EE/EE-GITHUB/Extended-Essay/Extended-Essay-master/Extended-Essay-master/Mandelbrot_NOT_CLOCKED/Mandelbrot_NOT_CLOCKED.xpr
update_compile_order -fileset sources_1
reset_run synth_1
launch_runs impl_1 -to_step write_bitstream
wait_on_run impl_1
set_property strategy Flow_AreaOptimized_high [get_runs synth_1]
set_property strategy Area_Explore [get_runs impl_1]
reset_run synth_1
launch_runs synth_1
wait_on_run synth_1
reset_run synth_1
launch_runs impl_1 -to_step write_bitstream
wait_on_run impl_1
open_run impl_1
open_hw
connect_hw_server -url localhost:3121
current_hw_target [get_hw_targets */xilinx_tcf/Digilent/210183698482A]
set_property PARAM.FREQUENCY 15000000 [get_hw_targets */xilinx_tcf/Digilent/210183698482A]
open_hw_target
set_property PROGRAM.FILE {D:/Files/Vivado/EE/EE-GITHUB/Extended-Essay/Extended-Essay-master/Extended-Essay-master/Mandelbrot_NOT_CLOCKED/Mandelbrot_NOT_CLOCKED.runs/impl_1/Test_Block.bit} [lindex [get_hw_devices] 0]
current_hw_device [lindex [get_hw_devices] 0]
refresh_hw_device -update_hw_probes false [lindex [get_hw_devices] 0]
set_property PROBES.FILE {} [lindex [get_hw_devices] 0]
set_property PROGRAM.FILE {D:/Files/Vivado/EE/EE-GITHUB/Extended-Essay/Extended-Essay-master/Extended-Essay-master/Mandelbrot_NOT_CLOCKED/Mandelbrot_NOT_CLOCKED.runs/impl_1/Test_Block.bit} [lindex [get_hw_devices] 0]
program_hw_devices [lindex [get_hw_devices] 0]
refresh_hw_device [lindex [get_hw_devices] 0]
close_hw
close_design
update_compile_order -fileset sources_1
reset_run synth_1
launch_runs impl_1 -to_step write_bitstream
wait_on_run impl_1
open_hw
connect_hw_server -url localhost:3121
current_hw_target [get_hw_targets */xilinx_tcf/Digilent/210183698482A]
set_property PARAM.FREQUENCY 15000000 [get_hw_targets */xilinx_tcf/Digilent/210183698482A]
open_hw_target
set_property PROGRAM.FILE {D:/Files/Vivado/EE/EE-GITHUB/Extended-Essay/Extended-Essay-master/Extended-Essay-master/Mandelbrot_NOT_CLOCKED/Mandelbrot_NOT_CLOCKED.runs/impl_1/Test_Block.bit} [lindex [get_hw_devices] 0]
current_hw_device [lindex [get_hw_devices] 0]
refresh_hw_device -update_hw_probes false [lindex [get_hw_devices] 0]
set_property PROBES.FILE {} [lindex [get_hw_devices] 0]
set_property PROGRAM.FILE {D:/Files/Vivado/EE/EE-GITHUB/Extended-Essay/Extended-Essay-master/Extended-Essay-master/Mandelbrot_NOT_CLOCKED/Mandelbrot_NOT_CLOCKED.runs/impl_1/Test_Block.bit} [lindex [get_hw_devices] 0]
program_hw_devices [lindex [get_hw_devices] 0]
refresh_hw_device [lindex [get_hw_devices] 0]
update_compile_order -fileset sources_1
reset_run synth_1
launch_runs impl_1 -to_step write_bitstream
wait_on_run impl_1
close_hw
open_hw
connect_hw_server -url localhost:3121
current_hw_target [get_hw_targets */xilinx_tcf/Digilent/210183698482A]
set_property PARAM.FREQUENCY 15000000 [get_hw_targets */xilinx_tcf/Digilent/210183698482A]
open_hw_target
set_property PROGRAM.FILE {D:/Files/Vivado/EE/EE-GITHUB/Extended-Essay/Extended-Essay-master/Extended-Essay-master/Mandelbrot_NOT_CLOCKED/Mandelbrot_NOT_CLOCKED.runs/impl_1/Test_Block.bit} [lindex [get_hw_devices] 0]
current_hw_device [lindex [get_hw_devices] 0]
refresh_hw_device -update_hw_probes false [lindex [get_hw_devices] 0]
set_property PROBES.FILE {} [lindex [get_hw_devices] 0]
set_property PROGRAM.FILE {D:/Files/Vivado/EE/EE-GITHUB/Extended-Essay/Extended-Essay-master/Extended-Essay-master/Mandelbrot_NOT_CLOCKED/Mandelbrot_NOT_CLOCKED.runs/impl_1/Test_Block.bit} [lindex [get_hw_devices] 0]
program_hw_devices [lindex [get_hw_devices] 0]
refresh_hw_device [lindex [get_hw_devices] 0]
xtended-Essay/Extended-Essay-master/Extended-Essay-master/Single_location test/Single_location test.srcs/sources_1/new/Iter_Counter.v} w ]
add_files {{D:/Files/Vivado/EE/EE-GITHUB/Extended-Essay/Extended-Essay-master/Extended-Essay-master/Single_location test/Single_location test.srcs/sources_1/new/Iter_Counter.v}}
update_compile_order -fileset sources_1
update_compile_order -fileset sources_1
update_compile_order -fileset sources_1
update_compile_order -fileset sources_1
remove_files {{D:/Files/Vivado/EE/EE-GITHUB/Extended-Essay/Extended-Essay-master/Extended-Essay-master/Single_location test/Single_location test.srcs/sources_1/new/Multiplier.v}}
import_files -norecurse {{D:/Files/Vivado/EE/EE-GITHUB/Extended-Essay/Extended-Essay-master/Extended-Essay-master/Single_location test/Single_location test.srcs/sources_1/new/Multiplier.v}}
update_compile_order -fileset sources_1
update_compile_order -fileset sources_1
launch_runs synth_1
wait_on_run synth_1
reset_run synth_1
launch_runs synth_1
wait_on_run synth_1
reset_run synth_1
launch_runs synth_1
wait_on_run synth_1
open_run synth_1 -name synth_1
launch_runs impl_1
wait_on_run impl_1
close_design
open_run impl_1
close_design
reset_run synth_1
launch_runs synth_1
wait_on_run synth_1
close [ open {D:/Files/Vivado/EE/EE-GITHUB/Extended-Essay/Extended-Essay-master/Extended-Essay-master/Single_location test/Single_location test.srcs/sources_1/new/compare_test.v} w ]
add_files {{D:/Files/Vivado/EE/EE-GITHUB/Extended-Essay/Extended-Essay-master/Extended-Essay-master/Single_location test/Single_location test.srcs/sources_1/new/compare_test.v}}
update_compile_order -fileset sources_1
# Disabling source management mode.  This is to allow the top design properties to be set without GUI intervention.
set_property source_mgmt_mode None [current_project]
set_property top compare_test [current_fileset]
# Re-enabling previously disabled source management mode.
set_property source_mgmt_mode All [current_project]
update_compile_order -fileset sources_1
reset_run synth_1
launch_runs impl_1 -to_step write_bitstream
wait_on_run impl_1
reset_run synth_1
launch_runs synth_1
wait_on_run synth_1
reset_run synth_1
launch_runs synth_1
wait_on_run synth_1
reset_run synth_1
launch_runs synth_1
wait_on_run synth_1
remove_files {{D:/Files/Vivado/EE/EE-GITHUB/Extended-Essay/Extended-Essay-master/Extended-Essay-master/Single_location test/Single_location test.srcs/sources_1/new/ToTCmplmt.v}}
reset_run synth_1
launch_runs synth_1
wait_on_run synth_1
reset_run synth_1
launch_runs synth_1
wait_on_run synth_1
reset_run synth_1
launch_runs synth_1
wait_on_run synth_1
reset_run synth_1
launch_runs synth_1
wait_on_run synth_1
launch_runs impl_1
wait_on_run impl_1
reset_run impl_1 -noclean_dir 
reset_run synth_1
launch_runs impl_1 -to_step write_bitstream
wait_on_run impl_1
open_hw
connect_hw_server -url localhost:3121
current_hw_target [get_hw_targets */xilinx_tcf/Digilent/210183698482A]
set_property PARAM.FREQUENCY 15000000 [get_hw_targets */xilinx_tcf/Digilent/210183698482A]
open_hw_target
set_property PROGRAM.FILE {D:/Files/Vivado/EE/EE-GITHUB/Extended-Essay/Extended-Essay-master/Extended-Essay-master/Single_location test/Single_location test.runs/impl_1/compare_test.bit} [lindex [get_hw_devices] 0]
current_hw_device [lindex [get_hw_devices] 0]
refresh_hw_device -update_hw_probes false [lindex [get_hw_devices] 0]
close_hw
reset_run synth_1
launch_runs impl_1 -to_step write_bitstream
wait_on_run impl_1
reset_run synth_1
launch_runs impl_1 -to_step write_bitstream
wait_on_run impl_1
open_hw
connect_hw_server -url localhost:3121
current_hw_target [get_hw_targets */xilinx_tcf/Digilent/210183698482A]
set_property PARAM.FREQUENCY 15000000 [get_hw_targets */xilinx_tcf/Digilent/210183698482A]
open_hw_target
set_property PROGRAM.FILE {D:/Files/Vivado/EE/EE-GITHUB/Extended-Essay/Extended-Essay-master/Extended-Essay-master/Single_location test/Single_location test.runs/impl_1/compare_test.bit} [lindex [get_hw_devices] 0]
current_hw_device [lindex [get_hw_devices] 0]
refresh_hw_device -update_hw_probes false [lindex [get_hw_devices] 0]
set_property PROBES.FILE {} [lindex [get_hw_devices] 0]
set_property PROGRAM.FILE {D:/Files/Vivado/EE/EE-GITHUB/Extended-Essay/Extended-Essay-master/Extended-Essay-master/Single_location test/Single_location test.runs/impl_1/compare_test.bit} [lindex [get_hw_devices] 0]
program_hw_devices [lindex [get_hw_devices] 0]
refresh_hw_device [lindex [get_hw_devices] 0]
disconnect_hw_server localhost:3121
connect_hw_server -url localhost:3121
current_hw_target [get_hw_targets */xilinx_tcf/Digilent/210183698482A]
set_property PARAM.FREQUENCY 15000000 [get_hw_targets */xilinx_tcf/Digilent/210183698482A]
open_hw_target
set_property PROGRAM.FILE {D:/Files/Vivado/EE/EE-GITHUB/Extended-Essay/Extended-Essay-master/Extended-Essay-master/Single_location test/Single_location test.runs/impl_1/compare_test.bit} [lindex [get_hw_devices] 0]
current_hw_device [lindex [get_hw_devices] 0]
refresh_hw_device -update_hw_probes false [lindex [get_hw_devices] 0]
set_property PROBES.FILE {} [lindex [get_hw_devices] 0]
set_property PROGRAM.FILE {D:/Files/Vivado/EE/EE-GITHUB/Extended-Essay/Extended-Essay-master/Extended-Essay-master/Single_location test/Single_location test.runs/impl_1/compare_test.bit} [lindex [get_hw_devices] 0]
program_hw_devices [lindex [get_hw_devices] 0]
refresh_hw_device [lindex [get_hw_devices] 0]
set_property PROBES.FILE {} [lindex [get_hw_devices] 0]
set_property PROGRAM.FILE {D:/Files/Vivado/EE/EE-GITHUB/Extended-Essay/Extended-Essay-master/Extended-Essay-master/Single_location test/Single_location test.runs/impl_1/compare_test.bit} [lindex [get_hw_devices] 0]
program_hw_devices [lindex [get_hw_devices] 0]
refresh_hw_device [lindex [get_hw_devices] 0]
reset_run synth_1
launch_runs impl_1 -to_step write_bitstream
wait_on_run impl_1
set_property PROBES.FILE {} [lindex [get_hw_devices] 0]
set_property PROGRAM.FILE {D:/Files/Vivado/EE/EE-GITHUB/Extended-Essay/Extended-Essay-master/Extended-Essay-master/Single_location test/Single_location test.runs/impl_1/compare_test.bit} [lindex [get_hw_devices] 0]
program_hw_devices [lindex [get_hw_devices] 0]
refresh_hw_device [lindex [get_hw_devices] 0]
reset_run synth_1
launch_runs impl_1 -to_step write_bitstream
wait_on_run impl_1
reset_run synth_1
launch_runs impl_1 -to_step write_bitstream
wait_on_run impl_1
open_run impl_1
reset_run synth_1
launch_runs impl_1 -to_step write_bitstream
wait_on_run impl_1
close_design
close_hw
open_hw
connect_hw_server -url localhost:3121
current_hw_target [get_hw_targets */xilinx_tcf/Digilent/210183698482A]
set_property PARAM.FREQUENCY 15000000 [get_hw_targets */xilinx_tcf/Digilent/210183698482A]
open_hw_target
set_property PROGRAM.FILE {D:/Files/Vivado/EE/EE-GITHUB/Extended-Essay/Extended-Essay-master/Extended-Essay-master/Single_location test/Single_location test.runs/impl_1/compare_test.bit} [lindex [get_hw_devices] 0]
current_hw_device [lindex [get_hw_devices] 0]
refresh_hw_device -update_hw_probes false [lindex [get_hw_devices] 0]
set_property PROBES.FILE {} [lindex [get_hw_devices] 0]
set_property PROGRAM.FILE {D:/Files/Vivado/EE/EE-GITHUB/Extended-Essay/Extended-Essay-master/Extended-Essay-master/Single_location test/Single_location test.runs/impl_1/compare_test.bit} [lindex [get_hw_devices] 0]
program_hw_devices [lindex [get_hw_devices] 0]
refresh_hw_device [lindex [get_hw_devices] 0]
reset_run synth_1
launch_runs impl_1 -to_step write_bitstream
wait_on_run impl_1
set_property PROBES.FILE {} [lindex [get_hw_devices] 0]
set_property PROGRAM.FILE {D:/Files/Vivado/EE/EE-GITHUB/Extended-Essay/Extended-Essay-master/Extended-Essay-master/Single_location test/Single_location test.runs/impl_1/compare_test.bit} [lindex [get_hw_devices] 0]
program_hw_devices [lindex [get_hw_devices] 0]
refresh_hw_device [lindex [get_hw_devices] 0]
reset_run synth_1
launch_runs impl_1 -to_step write_bitstream
wait_on_run impl_1
set_property PROBES.FILE {} [lindex [get_hw_devices] 0]
set_property PROGRAM.FILE {D:/Files/Vivado/EE/EE-GITHUB/Extended-Essay/Extended-Essay-master/Extended-Essay-master/Single_location test/Single_location test.runs/impl_1/compare_test.bit} [lindex [get_hw_devices] 0]
program_hw_devices [lindex [get_hw_devices] 0]
refresh_hw_device [lindex [get_hw_devices] 0]
reset_run impl_1 -prev_step 
launch_runs impl_1 -to_step write_bitstream
wait_on_run impl_1
set_property PROBES.FILE {} [lindex [get_hw_devices] 0]
set_property PROGRAM.FILE {D:/Files/Vivado/EE/EE-GITHUB/Extended-Essay/Extended-Essay-master/Extended-Essay-master/Single_location test/Single_location test.runs/impl_1/compare_test.bit} [lindex [get_hw_devices] 0]
program_hw_devices [lindex [get_hw_devices] 0]
refresh_hw_device [lindex [get_hw_devices] 0]
reset_run synth_1
launch_runs impl_1 -to_step write_bitstream
wait_on_run impl_1
set_property PROBES.FILE {} [lindex [get_hw_devices] 0]
set_property PROGRAM.FILE {D:/Files/Vivado/EE/EE-GITHUB/Extended-Essay/Extended-Essay-master/Extended-Essay-master/Single_location test/Single_location test.runs/impl_1/compare_test.bit} [lindex [get_hw_devices] 0]
program_hw_devices [lindex [get_hw_devices] 0]
refresh_hw_device [lindex [get_hw_devices] 0]
reset_run synth_1
launch_runs impl_1 -to_step write_bitstream
wait_on_run impl_1
set_property PROBES.FILE {} [lindex [get_hw_devices] 0]
set_property PROGRAM.FILE {D:/Files/Vivado/EE/EE-GITHUB/Extended-Essay/Extended-Essay-master/Extended-Essay-master/Single_location test/Single_location test.runs/impl_1/compare_test.bit} [lindex [get_hw_devices] 0]
program_hw_devices [lindex [get_hw_devices] 0]
refresh_hw_device [lindex [get_hw_devices] 0]
close_hw
